[ERROR] COMPILATION ERROR : 
[ERROR] /C:/Users/91936/Documents/project 3/EMS TESTING 2/backend/src/main/java/com/ems/service/impl/ReimbursementAnalyticsService.java:[105,34] local variables referenced from a lambda expression must be final or effectively final
[ERROR] Failed to execute goal org.apache.maven.plugins:maven-compiler-plugin:3.11.0:compile (default-compile) on project ems-backend: Compilation failure
[ERROR] /C:/Users/91936/Documents/project 3/EMS TESTING 2/backend/src/main/java/com/ems/service/impl/ReimbursementAnalyticsService.java:[105,34] local variables referenced from a lambda expression must be final or effectively final
[ERROR] 
[ERROR] -> [Help 1]
[ERROR] 
[ERROR] To see the full stack trace of the errors, re-run Maven with the -e switch.
[ERROR] Re-run Maven using the -X switch to enable full debug logging.
[ERROR] 
[ERROR] For more information about the errors and possible solutions, please read the following articles:
[ERROR] [Help 1] http://cwiki.apache.org/confluence/display/MAVEN/MojoFailureException
